{
    "-profile test_tiny": {
        "content": [
            78,
            {
                "CALCULATE_SEQSTATS": {
                    "python": "3.11.0"
                },
                "CALC_GAPS": {
                    "awk": "1.3.4 20200120"
                },
                "CONCAT_GAPS": {
                    "csvtk": "0.31.0"
                },
                "CONCAT_PLDDTS": {
                    "csvtk": "0.31.0"
                },
                "CONCAT_SEQSTATS": {
                    "csvtk": "0.31.0"
                },
                "CONCAT_SIMSTATS": {
                    "csvtk": "0.31.0"
                },
                "CONCAT_SP": {
                    "csvtk": "0.31.0"
                },
                "CONCAT_TC": {
                    "csvtk": "0.31.0"
                },
                "CONCAT_TCS": {
                    "csvtk": "0.31.0"
                },
                "CONSENSUS": {
                    "tcoffee": "13.46.0.919e8c6b",
                    "pigz": "2.8)"
                },
                "EXTRACT_PLDDT": {
                    "awk": "1.3.4 20200120"
                },
                "FAMSA_ALIGN": {
                    "famsa": "2.4.1-45c9b2b (2025-05-09)"
                },
                "FAMSA_GUIDETREE": {
                    "famsa": "2.2.2- (2022-10-09)"
                },
                "FASTAVALIDATOR": {
                    "py_fasta_validator": 0.6
                },
                "MAFFT_ALIGN": {
                    "mafft": 7.52,
                    "pigz": "2.8)"
                },
                "MERGE_EVAL": {
                    "csvtk": "0.31.0"
                },
                "MERGE_STATS": {
                    "csvtk": "0.31.0"
                },
                "MERGE_STATS_EVAL": {
                    "csvtk": "0.31.0"
                },
                "PARSE_IRMSD": {
                    "python": "3.11.0"
                },
                "PARSE_SIM": {
                    "awk": "1.3.4 20200120",
                    "cat": 8.32
                },
                "PIGZ_COMPRESS": {
                    "pigz": 2.8
                },
                "PREPARE_SHINY": {
                    "bash": "5.1.16 3"
                },
                "TCOFFEE_ALNCOMPARE_SP": {
                    "tcoffee": "13.46.0.919e8c6b",
                    "pigz": "2.8)"
                },
                "TCOFFEE_ALNCOMPARE_TC": {
                    "tcoffee": "13.46.0.919e8c6b",
                    "pigz": "2.8)"
                },
                "TCOFFEE_EXTRACTFROMPDB": {
                    "tcoffee": "13.46.0.919e8c6b"
                },
                "TCOFFEE_IRMSD": {
                    "tcoffee": "13.46.0.919e8c6b",
                    "pigz": "2.8)"
                },
                "TCOFFEE_SEQREFORMAT_SIM": {
                    "tcoffee": "13.46.0.919e8c6b"
                },
                "TCOFFEE_TCS": {
                    "tcoffee": "13.46.0.919e8c6b",
                    "pigz": "2.8)"
                },
                "UNTAR": {
                    "untar": 1.34
                },
                "Workflow": {
                    "nf-core/multiplesequencealign": "v1.2.0dev"
                }
            },
            [
                "alignments",
                "alignments/seatoxin-ref",
                "alignments/seatoxin-ref/seatoxin-ref_CONSENSUS.aln",
                "alignments/seatoxin-ref/seatoxin-ref_CONSENSUS.aln.gz",
                "alignments/seatoxin-ref/seatoxin-ref_DEFAULT-args-default_MAFFT-args---dpparttree.fas.gz",
                "alignments/seatoxin-ref/seatoxin-ref_FAMSA-args-default_FAMSA-args-default.aln.gz",
                "alignments/toxin-ref",
                "alignments/toxin-ref/toxin-ref_CONSENSUS.aln",
                "alignments/toxin-ref/toxin-ref_CONSENSUS.aln.gz",
                "alignments/toxin-ref/toxin-ref_DEFAULT-args-default_MAFFT-args---dpparttree.fas.gz",
                "alignments/toxin-ref/toxin-ref_FAMSA-args-default_FAMSA-args-default.aln.gz",
                "evaluation",
                "evaluation/complete_summary_eval.csv",
                "evaluation/consensus",
                "evaluation/consensus/seatoxin-ref_CONSENSUS.aln.html",
                "evaluation/consensus/seatoxin-ref_CONSENSUS.aln.sp_ascii",
                "evaluation/consensus/toxin-ref_CONSENSUS.aln.html",
                "evaluation/consensus/toxin-ref_CONSENSUS.aln.sp_ascii",
                "evaluation/tcoffee_irmsd",
                "evaluation/tcoffee_irmsd/seatoxin-ref_DEFAULT-args-default_CONSENSUS-args-default_irmsd.irmsd",
                "evaluation/tcoffee_irmsd/seatoxin-ref_DEFAULT-args-default_MAFFT-args---dpparttree_irmsd.irmsd",
                "evaluation/tcoffee_irmsd/seatoxin-ref_FAMSA-args-default_FAMSA-args-default_irmsd.irmsd",
                "evaluation/tcoffee_tcs",
                "evaluation/tcoffee_tcs/seatoxin-ref_DEFAULT-args-default_CONSENSUS-args-default_tcs.scores",
                "evaluation/tcoffee_tcs/seatoxin-ref_DEFAULT-args-default_CONSENSUS-args-default_tcs.tcs",
                "evaluation/tcoffee_tcs/seatoxin-ref_DEFAULT-args-default_MAFFT-args---dpparttree_tcs.scores",
                "evaluation/tcoffee_tcs/seatoxin-ref_DEFAULT-args-default_MAFFT-args---dpparttree_tcs.tcs",
                "evaluation/tcoffee_tcs/seatoxin-ref_FAMSA-args-default_FAMSA-args-default_tcs.scores",
                "evaluation/tcoffee_tcs/seatoxin-ref_FAMSA-args-default_FAMSA-args-default_tcs.tcs",
                "evaluation/tcoffee_tcs/toxin-ref_DEFAULT-args-default_CONSENSUS-args-default_tcs.scores",
                "evaluation/tcoffee_tcs/toxin-ref_DEFAULT-args-default_CONSENSUS-args-default_tcs.tcs",
                "evaluation/tcoffee_tcs/toxin-ref_DEFAULT-args-default_MAFFT-args---dpparttree_tcs.scores",
                "evaluation/tcoffee_tcs/toxin-ref_DEFAULT-args-default_MAFFT-args---dpparttree_tcs.tcs",
                "evaluation/tcoffee_tcs/toxin-ref_FAMSA-args-default_FAMSA-args-default_tcs.scores",
                "evaluation/tcoffee_tcs/toxin-ref_FAMSA-args-default_FAMSA-args-default_tcs.tcs",
                "pipeline_info",
                "pipeline_info/nf_core_multiplesequencealign_software_mqc_versions.yml",
                "reports",
                "reports/multiqc",
                "reports/multiqc/multiqc_data",
                "reports/multiqc/multiqc_data/llms-full.txt",
                "reports/multiqc/multiqc_data/multiqc.log",
                "reports/multiqc/multiqc_data/multiqc.parquet",
                "reports/multiqc/multiqc_data/multiqc_citations.txt",
                "reports/multiqc/multiqc_data/multiqc_data.json",
                "reports/multiqc/multiqc_data/multiqc_software_versions.txt",
                "reports/multiqc/multiqc_data/multiqc_sources.txt",
                "reports/multiqc/multiqc_data/multiqc_summary_stats.txt",
                "reports/multiqc/multiqc_plots",
                "reports/multiqc/multiqc_plots/pdf",
                "reports/multiqc/multiqc_plots/pdf/summary_stats.pdf",
                "reports/multiqc/multiqc_plots/png",
                "reports/multiqc/multiqc_plots/png/summary_stats.png",
                "reports/multiqc/multiqc_plots/svg",
                "reports/multiqc/multiqc_plots/svg/summary_stats.svg",
                "reports/multiqc/multiqc_report.html",
                "reports/shiny_app",
                "reports/shiny_app/complete_summary_stats_eval_times.csv",
                "reports/shiny_app/run.sh",
                "reports/shiny_app/shiny_app.py",
                "reports/shiny_app/static",
                "reports/shiny_app/static/bootstrap.min.css",
                "reports/shiny_app/static/favicon.ico",
                "reports/shiny_app/static/style.css",
                "reports/visualization",
                "reports/visualization/seatoxin-ref_DEFAULT-args-default_CONSENSUS-args-default.html",
                "reports/visualization/seatoxin-ref_DEFAULT-args-default_MAFFT-args---dpparttree.html",
                "reports/visualization/seatoxin-ref_FAMSA-args-default_FAMSA-args-default.html",
                "stats",
                "stats/complete_summary_stats.csv",
                "stats/sequences",
                "stats/sequences/perc_sim",
                "stats/sequences/perc_sim/seatoxin-ref.txt",
                "stats/sequences/perc_sim/toxin-ref.txt",
                "stats/sequences/seqstats",
                "stats/sequences/seqstats/seatoxin-ref_seqstats.csv",
                "stats/sequences/seqstats/toxin-ref_seqstats.csv",
                "stats/structures",
                "stats/structures/plddt",
                "stats/structures/plddt/seatoxin-ref_full_plddt.csv",
                "summary",
                "summary/complete_summary_stats_eval_times.csv",
                "trees",
                "trees/seatoxin-ref",
                "trees/seatoxin-ref/seatoxin-ref_FAMSA-args-default.dnd",
                "trees/toxin-ref",
                "trees/toxin-ref/toxin-ref_FAMSA-args-default.dnd"
            ],
            [
                "seatoxin-ref_CONSENSUS.aln:md5,fe31fc0603b7f4bcd06c13c474f8264d",
                "seatoxin-ref_CONSENSUS.aln.gz:md5,fe31fc0603b7f4bcd06c13c474f8264d",
                "seatoxin-ref_DEFAULT-args-default_MAFFT-args---dpparttree.fas.gz:md5,514e6910e6a14353963d68d933c18171",
                "seatoxin-ref_FAMSA-args-default_FAMSA-args-default.aln.gz:md5,9394e09dd7f576da794a74de60327324",
                "toxin-ref_CONSENSUS.aln:md5,62ea7ad0d5d2b0527112c83c7d882160",
                "toxin-ref_CONSENSUS.aln.gz:md5,62ea7ad0d5d2b0527112c83c7d882160",
                "toxin-ref_DEFAULT-args-default_MAFFT-args---dpparttree.fas.gz:md5,d24caa61ecbe107f1f60d70c4de58263",
                "toxin-ref_FAMSA-args-default_FAMSA-args-default.aln.gz:md5,326de89fce0fc44b83ce026190449e74",
                "seatoxin-ref_CONSENSUS.aln.sp_ascii:md5,9b4c5540ef94da99b7b35e0670a95f2f",
                "toxin-ref_CONSENSUS.aln.sp_ascii:md5,3e6c0fbf406f6453ab1fc2015e1320f4",
                "seatoxin-ref_DEFAULT-args-default_CONSENSUS-args-default_irmsd.irmsd:md5,c10111ab2b6eab2454db77f526fd3d6b",
                "seatoxin-ref_DEFAULT-args-default_MAFFT-args---dpparttree_irmsd.irmsd:md5,68b1bc3bbbe887161207fb530fffc30a",
                "seatoxin-ref_FAMSA-args-default_FAMSA-args-default_irmsd.irmsd:md5,4c676706519eb9ed4cfa0241a719a59b",
                "seatoxin-ref_DEFAULT-args-default_CONSENSUS-args-default_tcs.scores:md5,47a5091fde8a42ae52ccf17069ae1707",
                "seatoxin-ref_DEFAULT-args-default_CONSENSUS-args-default_tcs.tcs:md5,d133d1eab5a4700754c4a16d4a28f9ec",
                "seatoxin-ref_DEFAULT-args-default_MAFFT-args---dpparttree_tcs.scores:md5,2124035ff0abf79322e7a2d3dda8c7c3",
                "seatoxin-ref_DEFAULT-args-default_MAFFT-args---dpparttree_tcs.tcs:md5,f351510a048a39584b4368d6bcfa504a",
                "seatoxin-ref_FAMSA-args-default_FAMSA-args-default_tcs.scores:md5,12ba6f9cfd9c886acc90e8348b192dcb",
                "seatoxin-ref_FAMSA-args-default_FAMSA-args-default_tcs.tcs:md5,cfda4486e3e23460b87b3ad391ae418b",
                "toxin-ref_DEFAULT-args-default_CONSENSUS-args-default_tcs.scores:md5,9a8ae84ad59c2c09a2d800f06464bd3c",
                "toxin-ref_DEFAULT-args-default_CONSENSUS-args-default_tcs.tcs:md5,5ce4d42ab1fed394349e24482044b6f5",
                "toxin-ref_DEFAULT-args-default_MAFFT-args---dpparttree_tcs.scores:md5,27bcfb8bb054dbc165e3c88b16191f94",
                "toxin-ref_DEFAULT-args-default_MAFFT-args---dpparttree_tcs.tcs:md5,4ac552a7e8d7b088eef8e38f9dce39d4",
                "toxin-ref_FAMSA-args-default_FAMSA-args-default_tcs.scores:md5,08496e87d5bd101d5cb89546ce6db937",
                "toxin-ref_FAMSA-args-default_FAMSA-args-default_tcs.tcs:md5,e22211ddc84faa963bde0a1d2abcce69",
                "complete_summary_stats_eval_times.csv:md5,0fada6286b604d11f7e294aa4a86c2c4",
                "run.sh:md5,025ecd434fe421c6a52140fd380504f0",
                "shiny_app.py:md5,1428dfaefa5ad41704f0c9fb7f2dab60",
                "bootstrap.min.css:md5,d736fb89b2cd45289ab550ad0ee60347",
                "favicon.ico:md5,6e0be9d9e071c1a5d63dfdefaa12f246",
                "style.css:md5,97b72456bb461bd2dfc9ad9feda249d7",
                "seatoxin-ref_seqstats.csv:md5,e104112c929b39f43410681d8bdcb15b",
                "toxin-ref_seqstats.csv:md5,51f477faf393c2c4a49896ef5a49374c",
                "seatoxin-ref_full_plddt.csv:md5,a7ecccb1bd68fcd9b248b15707955e67",
                "complete_summary_stats_eval_times.csv:md5,0fada6286b604d11f7e294aa4a86c2c4",
                "seatoxin-ref_FAMSA-args-default.dnd:md5,3fddb6ad96904101d105d090ddff061d",
                "toxin-ref_FAMSA-args-default.dnd:md5,5f47b8a4eff625b224e8a3bacb904009"
            ]
        ],
        "meta": {
            "nf-test": "0.9.3",
            "nextflow": "25.10.0"
        },
        "timestamp": "2025-11-10T14:12:15.541450074"
    }
}