{
    "-profile test_tiny": {
        "content": [
            0,
            null,
            [
                "pipeline_info"
            ],
            [
                
            ]
        ],
        "meta": {
            "nf-test": "0.9.3",
            "nextflow": "25.10.0"
        },
        "timestamp": "2025-11-05T16:39:55.675469295"
    },
    "-profile test": {
        "content": [
            95,
            {
                "CALCULATE_SEQSTATS": {
                    "python": "3.11.0"
                },
                "CALC_GAPS": {
                    "awk": "1.3.4 20200120"
                },
                "CLUSTALO_ALIGN": {
                    "clustalo": "1.2.4",
                    "pigz": "2.8)"
                },
                "CLUSTALO_GUIDETREE": {
                    "clustalo": "1.2.4"
                },
                "CONCAT_SEQSTATS": {
                    "csvtk": "0.31.0"
                },
                "CONCAT_SIMSTATS": {
                    "csvtk": "0.31.0"
                },
                "EXTRACT_PLDDT": {
                    "awk": "1.3.4 20200120"
                },
                "FAMSA_ALIGN": {
                    "famsa": "2.4.1-45c9b2b (2025-05-09)"
                },
                "FAMSA_GUIDETREE": {
                    "famsa": "2.2.2- (2022-10-09)"
                },
                "FASTAVALIDATOR": {
                    "py_fasta_validator": 0.6
                },
                "KALIGN_ALIGN": {
                    "kalign": "3.4.0",
                    "pigz": "2.8)"
                },
                "MAFFT_ALIGN": {
                    "mafft": 7.52,
                    "pigz": "2.8)"
                },
                "MAFFT_GUIDETREE": {
                    "mafft": 7.525
                },
                "MAGUS_ALIGN": {
                    "MAGUS": "0.2.0",
                    "pigz": "2.8)"
                },
                "MUSCLE5_ALIGN": {
                    "muscle": 5.1,
                    "pigz": "2.8)"
                },
                "PARSE_SIM": {
                    "awk": "1.3.4 20200120",
                    "cat": 8.32
                },
                "PIGZ_COMPRESS": {
                    "pigz": 2.8
                },
                "REGRESSIVE_ALIGN": {
                    "tcoffee": "13.46.0.919e8c6b",
                    "pigz": "2.8)"
                },
                "TCOFFEE_ALIGN": {
                    "tcoffee": "13.46.0.919e8c6b",
                    "pigz": "2.8)"
                },
                "TCOFFEE_ALNCOMPARE_SP": {
                    "tcoffee": "13.46.0.919e8c6b",
                    "pigz": "2.8)"
                },
                "TCOFFEE_ALNCOMPARE_TC": {
                    "tcoffee": "13.46.0.919e8c6b",
                    "pigz": "2.8)"
                },
                "TCOFFEE_EXTRACTFROMPDB": {
                    "tcoffee": "13.46.0.919e8c6b"
                },
                "TCOFFEE_SEQREFORMAT_SIM": {
                    "tcoffee": "13.46.0.919e8c6b"
                },
                "TCOFFEE_TCS": {
                    "tcoffee": "13.46.0.919e8c6b",
                    "pigz": "2.8)"
                },
                "UNTAR": {
                    "untar": 1.34
                },
                "UPP_ALIGN": {
                    "upp": "4.5.5",
                    "pigz": "2.4)"
                },
                "Workflow": {
                    "nf-core/multiplesequencealign": "v1.2.0dev"
                }
            },
            [
                "alignments",
                "alignments/seatoxin-ref",
                "alignments/seatoxin-ref/seatoxin-ref_CLUSTALO-args-default_REGRESSIVE-args-default.aln.gz",
                "alignments/seatoxin-ref/seatoxin-ref_DEFAULT-args-default_FAMSA-args-default.aln.gz",
                "alignments/seatoxin-ref/seatoxin-ref_DEFAULT-args-default_KALIGN-args-default.aln.gz",
                "alignments/seatoxin-ref/seatoxin-ref_DEFAULT-args-default_REGRESSIVE-args--reg_nseq_3.aln.gz",
                "alignments/seatoxin-ref/seatoxin-ref_FAMSA-args--gt_upgma_-medoidtree_FAMSA-args-default.aln.gz",
                "alignments/seatoxin-ref/seatoxin-ref_FAMSA-args-default_MAGUS-args-default.aln.gz",
                "alignments/toxin-ref",
                "alignments/toxin-ref/toxin-ref_CLUSTALO-args-default_REGRESSIVE-args-default.aln.gz",
                "alignments/toxin-ref/toxin-ref_FAMSA-args--gt_upgma_-medoidtree_FAMSA-args-default.aln.gz",
                "alignments/toxin-ref/toxin-ref_FAMSA-args-default_MAGUS-args-default.aln.gz",
                "evaluation",
                "evaluation/tcoffee_tcs",
                "evaluation/tcoffee_tcs/seatoxin-ref_CLUSTALO-args-default_REGRESSIVE-args-default_tcs.scores",
                "evaluation/tcoffee_tcs/seatoxin-ref_CLUSTALO-args-default_REGRESSIVE-args-default_tcs.tcs",
                "evaluation/tcoffee_tcs/seatoxin-ref_DEFAULT-args-default_FAMSA-args-default_tcs.scores",
                "evaluation/tcoffee_tcs/seatoxin-ref_DEFAULT-args-default_FAMSA-args-default_tcs.tcs",
                "evaluation/tcoffee_tcs/seatoxin-ref_DEFAULT-args-default_KALIGN-args-default_tcs.scores",
                "evaluation/tcoffee_tcs/seatoxin-ref_DEFAULT-args-default_KALIGN-args-default_tcs.tcs",
                "evaluation/tcoffee_tcs/seatoxin-ref_FAMSA-args--gt_upgma_-medoidtree_FAMSA-args-default_tcs.scores",
                "evaluation/tcoffee_tcs/seatoxin-ref_FAMSA-args--gt_upgma_-medoidtree_FAMSA-args-default_tcs.tcs",
                "evaluation/tcoffee_tcs/seatoxin-ref_FAMSA-args-default_MAGUS-args-default_tcs.scores",
                "evaluation/tcoffee_tcs/seatoxin-ref_FAMSA-args-default_MAGUS-args-default_tcs.tcs",
                "evaluation/tcoffee_tcs/toxin-ref_CLUSTALO-args-default_REGRESSIVE-args-default_tcs.scores",
                "evaluation/tcoffee_tcs/toxin-ref_CLUSTALO-args-default_REGRESSIVE-args-default_tcs.tcs",
                "evaluation/tcoffee_tcs/toxin-ref_FAMSA-args--gt_upgma_-medoidtree_FAMSA-args-default_tcs.scores",
                "evaluation/tcoffee_tcs/toxin-ref_FAMSA-args--gt_upgma_-medoidtree_FAMSA-args-default_tcs.tcs",
                "evaluation/tcoffee_tcs/toxin-ref_FAMSA-args-default_MAGUS-args-default_tcs.scores",
                "evaluation/tcoffee_tcs/toxin-ref_FAMSA-args-default_MAGUS-args-default_tcs.tcs",
                "pipeline_info",
                "pipeline_info/nf_core_multiplesequencealign_software_mqc_versions.yml",
                "stats",
                "stats/sequences",
                "stats/sequences/perc_sim",
                "stats/sequences/perc_sim/seatoxin-ref.txt",
                "stats/sequences/perc_sim/toxin-ref.txt",
                "stats/sequences/seqstats",
                "stats/sequences/seqstats/seatoxin-ref_seqstats.csv",
                "stats/sequences/seqstats/toxin-ref_seqstats.csv",
                "stats/structures",
                "stats/structures/plddt",
                "stats/structures/plddt/seatoxin-ref_full_plddt.csv",
                "trees",
                "trees/seatoxin-ref",
                "trees/seatoxin-ref/seatoxin-ref_CLUSTALO-args-default.dnd",
                "trees/seatoxin-ref/seatoxin-ref_FAMSA-args--gt_upgma_-medoidtree.dnd",
                "trees/seatoxin-ref/seatoxin-ref_FAMSA-args-default.dnd",
                "trees/seatoxin-ref/seatoxin-ref_MAFFT-args-default.dnd",
                "trees/toxin-ref",
                "trees/toxin-ref/toxin-ref_CLUSTALO-args-default.dnd",
                "trees/toxin-ref/toxin-ref_FAMSA-args--gt_upgma_-medoidtree.dnd",
                "trees/toxin-ref/toxin-ref_FAMSA-args-default.dnd",
                "trees/toxin-ref/toxin-ref_MAFFT-args-default.dnd"
            ],
            [
                "seatoxin-ref_CLUSTALO-args-default_REGRESSIVE-args-default.aln.gz:md5,9394e09dd7f576da794a74de60327324",
                "seatoxin-ref_DEFAULT-args-default_FAMSA-args-default.aln.gz:md5,9394e09dd7f576da794a74de60327324",
                "seatoxin-ref_DEFAULT-args-default_KALIGN-args-default.aln.gz:md5,f924f716efa6cda7b56f6d9d67ba5d44",
                "seatoxin-ref_DEFAULT-args-default_REGRESSIVE-args--reg_nseq_3.aln.gz:md5,56686f3b3d853ef31b4b43683c30f8f5",
                "seatoxin-ref_FAMSA-args--gt_upgma_-medoidtree_FAMSA-args-default.aln.gz:md5,9394e09dd7f576da794a74de60327324",
                "seatoxin-ref_FAMSA-args-default_MAGUS-args-default.aln.gz:md5,20844d321995ed865277254366ad9523",
                "toxin-ref_CLUSTALO-args-default_REGRESSIVE-args-default.aln.gz:md5,c6556744aeee7ba25803dab39963ef0b",
                "toxin-ref_FAMSA-args--gt_upgma_-medoidtree_FAMSA-args-default.aln.gz:md5,9ec12eeea5bf34fc1149d69898728273",
                "toxin-ref_FAMSA-args-default_MAGUS-args-default.aln.gz:md5,321521faec856ce5a444b01f517c3800",
                "seatoxin-ref_CLUSTALO-args-default_REGRESSIVE-args-default_tcs.scores:md5,f65e2f5c176e9cd11a3c90c332c3069e",
                "seatoxin-ref_CLUSTALO-args-default_REGRESSIVE-args-default_tcs.tcs:md5,cfda4486e3e23460b87b3ad391ae418b",
                "seatoxin-ref_DEFAULT-args-default_FAMSA-args-default_tcs.scores:md5,0f4fc63937804b3e566d9764e94aeb02",
                "seatoxin-ref_DEFAULT-args-default_FAMSA-args-default_tcs.tcs:md5,cfda4486e3e23460b87b3ad391ae418b",
                "seatoxin-ref_DEFAULT-args-default_KALIGN-args-default_tcs.scores:md5,0bf4d8b10a274888f499095ef24589f7",
                "seatoxin-ref_DEFAULT-args-default_KALIGN-args-default_tcs.tcs:md5,dbe9fc368b82979dd407c414138476df",
                "seatoxin-ref_FAMSA-args--gt_upgma_-medoidtree_FAMSA-args-default_tcs.scores:md5,24889456acb2ca3c67cefa42c50a8b9f",
                "seatoxin-ref_FAMSA-args--gt_upgma_-medoidtree_FAMSA-args-default_tcs.tcs:md5,cfda4486e3e23460b87b3ad391ae418b",
                "seatoxin-ref_FAMSA-args-default_MAGUS-args-default_tcs.scores:md5,4b74c0c271882f51820654d557a698b1",
                "seatoxin-ref_FAMSA-args-default_MAGUS-args-default_tcs.tcs:md5,b5b1539aa0cf75f1b079395c77523b37",
                "toxin-ref_CLUSTALO-args-default_REGRESSIVE-args-default_tcs.scores:md5,890081067b40770970e894eed36df354",
                "toxin-ref_CLUSTALO-args-default_REGRESSIVE-args-default_tcs.tcs:md5,9de07ce3a2ef98374cc00f8e42321223",
                "toxin-ref_FAMSA-args--gt_upgma_-medoidtree_FAMSA-args-default_tcs.scores:md5,cfc7e04656de59ce988d33e2108a4270",
                "toxin-ref_FAMSA-args--gt_upgma_-medoidtree_FAMSA-args-default_tcs.tcs:md5,8db2422c778f61445344edeffa6b4c47",
                "toxin-ref_FAMSA-args-default_MAGUS-args-default_tcs.scores:md5,43b5ec2cfa24eed12d9d6cc7799fb476",
                "toxin-ref_FAMSA-args-default_MAGUS-args-default_tcs.tcs:md5,f65d8b513294e27bdd856814c3b8dc92",
                "seatoxin-ref.txt:md5,fdaa411d62bd66b5c30b21fd5b85a914",
                "toxin-ref.txt:md5,a03aa486e0949d572972378a21dff28b",
                "seatoxin-ref_seqstats.csv:md5,e104112c929b39f43410681d8bdcb15b",
                "toxin-ref_seqstats.csv:md5,51f477faf393c2c4a49896ef5a49374c",
                "seatoxin-ref_full_plddt.csv:md5,a7ecccb1bd68fcd9b248b15707955e67",
                "seatoxin-ref_CLUSTALO-args-default.dnd:md5,0b8de84bed1e52cee17f7c54e322386d",
                "seatoxin-ref_FAMSA-args--gt_upgma_-medoidtree.dnd:md5,2f40d5dd57a0072732428ba94ec89347",
                "seatoxin-ref_FAMSA-args-default.dnd:md5,3fddb6ad96904101d105d090ddff061d",
                "seatoxin-ref_MAFFT-args-default.dnd:md5,d4635608d06bc6856874a1a19b03f74e",
                "toxin-ref_CLUSTALO-args-default.dnd:md5,666b7fe7ca55b2b83aef0869b4f38a66",
                "toxin-ref_FAMSA-args--gt_upgma_-medoidtree.dnd:md5,c55917a824e99bdcb705d1cfa21bbd2b",
                "toxin-ref_FAMSA-args-default.dnd:md5,5f47b8a4eff625b224e8a3bacb904009",
                "toxin-ref_MAFFT-args-default.dnd:md5,f172ccdf796f111145b32d97ed8323b7"
            ]
        ],
        "meta": {
            "nf-test": "0.9.3",
            "nextflow": "25.04.6"
        },
        "timestamp": "2025-10-17T15:41:32.169056249"
    }
}